// Jest Snapshot v1, https://goo.gl/fbAQLP

exports[`NewFileModal should render fine 1`] = `
<Modal
  className="modal"
  confirmLoading={false}
  footer={
    <Footer
      onConfirm={[Function]}
    />
  }
  maskTransitionName="fade"
  okType="primary"
  onCancel={[Function]}
  title="New File"
  transitionName="zoom"
  visible={false}
  width={520}
>
  <div
    className="box row"
  >
    <div
      className="scene-setting"
    >
      <div
        className="setting-row"
      >
        <label
          className="setting-label"
        >
          file name
        </label>
        <div
          className="setting-input right"
        >
          <Input
            onChange={[Function]}
            placeholder="newscript.js"
            size="small"
            type="text"
            value={null}
          />
        </div>
      </div>
    </div>
  </div>
</Modal>
`;
