// Jest Snapshot v1, https://goo.gl/fbAQLP

exports[`App should render fine 1`] = `
<div
  className="app"
>
  <Connect(Header) />
  <div
    className="main-container"
  >
    <div
      className="left-container"
    >
      <Connect(SceneContainer) />
      <Connect(AssetsPanel) />
    </div>
    <div
      className="right-container"
    >
      <Hierarchy />
      <Connect(Inspector) />
    </div>
  </div>
  <Footer />
</div>
`;
