// Jest Snapshot v1, https://goo.gl/fbAQLP

exports[`AddElementDropdown render should render properly 1`] = `
<div
  className="controls-settings-group"
>
  <Dropdown
    mouseEnterDelay={0.15}
    mouseLeaveDelay={0.1}
    overlay={
      <Menu
        onClick={[Function]}
      >
        <SubMenu
          title="Model"
        >
          <MenuItem>
            Import
          </MenuItem>
        </SubMenu>
        <SubMenu
          title="Element"
        >
          <MenuItem
            title="CUBE"
          >
            Cube
          </MenuItem>
          <MenuItem
            title="SPHERE"
          >
            Sphere
          </MenuItem>
          <MenuItem
            title="CYLINDER"
          >
            Cylinder
          </MenuItem>
          <MenuItem
            title="CONE"
          >
            Cone
          </MenuItem>
          <MenuItem
            title="BOX"
          >
            Box
          </MenuItem>
          <MenuItem
            title="PLANE"
          >
            Plane
          </MenuItem>
        </SubMenu>
        <SubMenu
          title="Sound"
        >
          <MenuItem>
            sorry
          </MenuItem>
        </SubMenu>
        <SubMenu
          title="Light"
        >
          <MenuItem
            title="AMBIENT"
          >
            Ambient
          </MenuItem>
          <MenuItem
            title="SUN"
          >
            Sun 
          </MenuItem>
        </SubMenu>
      </Menu>
    }
    placement="topLeft"
    trigger={
      Array [
        "click",
      ]
    }
  >
    <Button
      className="add-element-button"
    >
      <ForwardRef(PlusOutlined) />
      Add
    </Button>
  </Dropdown>
</div>
`;
