// Jest Snapshot v1, https://goo.gl/fbAQLP

exports[`TopToolbar render should render properly 1`] = `
<div
  className="toolbar"
>
  <ul
    className="settings-list"
  >
    <li
      className="settings-list-item"
    >
      <SpaceSettingsButton />
    </li>
    <li
      className="settings-list-item"
    >
      <ControlsRadioGroup />
    </li>
    <li
      className="settings-list-item"
    >
      <SnapControlsGroup />
    </li>
    <li
      className="settings-list-item"
    >
      <AddElementDropdown
        onElementSelection={[MockFunction]}
      />
    </li>
  </ul>
</div>
`;
