// Jest Snapshot v1, https://goo.gl/fbAQLP

exports[`RightSidebar should render fine 1`] = `
<Col
  className="sidebar"
  span={4}
>
  <div
    className="box"
  >
    <p
      className="title"
    >
      <Icon
        className="icon"
        type="bars"
      />
      <span>
        Hierarchy
      </span>
      <DeleteButton />
      <CopyButton />
      <AddButton />
      <SearchButton />
    </p>
    <div
      className="content"
    >
      <SearchTree />
    </div>
  </div>
  <div
    className="box"
  >
    <p
      className="title"
    >
      <Icon
        className="icon"
        type="search"
      />
      <span>
        Inspector
      </span>
    </p>
    <div
      className="content"
    >
      <Inspector
        onMaterialChange={[Function]}
        onPositionChange={[Function]}
        onRotationChange={[Function]}
        onScaleChange={[Function]}
        onScriptChange={[Function]}
        onScriptsMount={[Function]}
        onTextureChange={[Function]}
      />
    </div>
  </div>
</Col>
`;
