// Jest Snapshot v1, https://goo.gl/fbAQLP

exports[`Layout should render fine 1`] = `
<div
  className="app"
>
  <Connect(Header)
    isCodeEditor={true}
    onNewScript={[Function]}
  />
  <Row
    className="main-container code-editor"
    gutter={0}
  >
    <Connect(CodeEditor)
      modalVisible={false}
      onModalDismiss={[Function]}
    />
  </Row>
  <Footer />
</div>
`;
