// Jest Snapshot v1, https://goo.gl/fbAQLP

exports[`ModelUploadModal should render fine 1`] = `
<Modal
  className="modal big"
  confirmLoading={false}
  footer={
    <Footer
      canCancel={true}
      onCancel={[Function]}
      onConfirm={[Function]}
    />
  }
  maskTransitionName="fade"
  okType="primary"
  onCancel={[Function]}
  title="Models"
  transitionName="zoom"
  visible={false}
  width={520}
>
  <div
    className="box row"
  >
    <ModelsSelector
      onSelect={[Function]}
      selection={false}
    />
    <FileUploaderBox
      className="models"
      name="data"
      onBeforeUpload={[Function]}
    />
  </div>
</Modal>
`;
