// Jest Snapshot v1, https://goo.gl/fbAQLP

exports[`Name should render fine 1`] = `
<div
  className="inspector-property"
>
  <label
    className="inspector-property-label"
  >
    Name
  </label>
  <div
    className="inspector-property-value"
  >
    <Input
      onChange={[Function]}
      placeholder="name"
      type="text"
      value=""
    />
  </div>
</div>
`;
